[36mvite v7.3.2 [32mbuilding client environment for production...[36m[39m
transforming...
[32mΓ£ô[39m 2166 modules transformed.
node.exe : [31mΓ£ù[39m 
Build failed in 2.08s
At line:1 char:1
+ & "C:\Program 
Files\nodejs/node.exe" 
"C:\Program 
Files\nodejs/node_mo ...
+ ~~~~~~~~~~~~~~~~~~~~~~~~~~~
~~~~~~~~~~~~~~~~~~~~~~~~~~~~~
~~~~~~~~~~~~~
    + CategoryInfo           
   : NotSpecified: ([31mΓ£  
  ù[39m Build failed in 2   
 .08s:String) [], RemoteE    
xception
    + FullyQualifiedErrorId  
   : NativeCommandError
 
[31merror during build:
[31msrc/components/layout/Fo
oter.tsx (1:16): "Twitter" 
is not exported by "node_modu
les/lucide-react/dist/esm/luc
ide-react.mjs", imported by "
src/components/layout/Footer.
tsx".[31m
file: [36mC:/Users/mahes/One
Drive/Desktop/Projects/framef
roge-ai/frontend/src/componen
ts/layout/Footer.tsx:1:16[31
m
[33m
1: import { Frame, Twitter, 
Github, Linkedin, Slack } 
from "lucide-react";
                   ^
2: 
3: export default function 
Footer() {
[31m
    at getRollupError (file:/
//C:/Users/mahes/OneDrive/Des
ktop/Projects/framefroge-ai/f
rontend/node_modules/rollup/d
ist/es/shared/parseAst.js:406
:41)
    at error (file:///C:/User
s/mahes/OneDrive/Desktop/Proj
ects/framefroge-ai/frontend/n
ode_modules/rollup/dist/es/sh
ared/parseAst.js:402:42)
    at Module.error (file:///
C:/Users/mahes/OneDrive/Deskt
op/Projects/framefroge-ai/fro
ntend/node_modules/rollup/dis
t/es/shared/node-entry.js:173
90:16)
    at Module.traceVariable (
file:///C:/Users/mahes/OneDri
ve/Desktop/Projects/framefrog
e-ai/frontend/node_modules/ro
llup/dist/es/shared/node-entr
y.js:17823:29)
    at 
ModuleScope.findVariable (fil
e:///C:/Users/mahes/OneDrive/
Desktop/Projects/framefroge-a
i/frontend/node_modules/rollu
p/dist/es/shared/node-entry.j
s:15413:39)
    at 
FunctionScope.findVariable (f
ile:///C:/Users/mahes/OneDriv
e/Desktop/Projects/framefroge
-ai/frontend/node_modules/rol
lup/dist/es/shared/node-entry
.js:5682:38)
    at FunctionBodyScope.find
Variable (file:///C:/Users/ma
hes/OneDrive/Desktop/Projects
/framefroge-ai/frontend/node_
modules/rollup/dist/es/shared
/node-entry.js:5682:38)
    at Identifier.bind (file:
///C:/Users/mahes/OneDrive/De
sktop/Projects/framefroge-ai/
frontend/node_modules/rollup/
dist/es/shared/node-entry.js:
5449:40)
    at ArrayExpression.bind (
file:///C:/Users/mahes/OneDri
ve/Desktop/Projects/framefrog
e-ai/frontend/node_modules/ro
llup/dist/es/shared/node-entr
y.js:2827:28)
    at MemberExpression.bind 
(file:///C:/Users/mahes/OneDr
ive/Desktop/Projects/framefro
ge-ai/frontend/node_modules/r
ollup/dist/es/shared/node-ent
ry.js:2831:23)[39m
