src/components/landing/FAQ.tsx(3,23): error TS6133: 'Plus' is declared but its value is never read.
src/components/landing/FAQ.tsx(3,29): error TS6133: 'Minus' is declared but its value is never read.
src/components/landing/Hero.tsx(3,23): error TS2307: Cannot find module '../../assets/hero_visual.png' or its corresponding type declarations.
src/components/landing/Pricing.tsx(2,22): error TS6133: 'Shield' is declared but its value is never read.
src/components/layout/Footer.tsx(1,17): error TS2305: Module '"lucide-react"' has no exported member 'Twitter'.
src/components/layout/Footer.tsx(1,26): error TS2305: Module '"lucide-react"' has no exported member 'Github'.
src/components/layout/Footer.tsx(1,34): error TS2305: Module '"lucide-react"' has no exported member 'Linkedin'.
src/components/layout/Footer.tsx(1,44): error TS2305: Module '"lucide-react"' has no exported member 'Slack'.
src/components/preview/LivePreview.tsx(2,1): error TS6133: 'motion' is declared but its value is never read.
